node.exe : 12:14:26 AM 
[vite-plugin-svelte] !!! 
Support for vite 8 beta in 
vite-plugin-svelte is 
experimental (rolldown: 
1.0.0-beta.50, vite: 7.2.5) 
!!!
At line:1 char:1
+ & "C:\Program 
Files\nodejs/node.exe" 
"C:\Program 
Files\nodejs/node_mo ...
+ ~~~~~~~~~~~~~~~~~~~~~~~~~~
~~~~~~~~~~~~~~~~~~~~~~~~~~~~
~~~~~~~~~~~~~~~
    + CategoryInfo          
    : NotSpecified: (12:14  
  :26 AM [vi...ite: 7.2.5   
 ) !!!:String) [], Remot    
eException
    + FullyQualifiedErrorId 
    : NativeCommandError
 
	See https://github.com/svel
tejs/vite-plugin-svelte/issu
es/1143 for a list of known 
issues and to report 
feedback.
[36mrolldown-vite v7.2.5 [32mbuilding client environment for production...[36m[39m
[2K
12:14:27 AM 
[vite-plugin-svelte] src/pag
es/Documents/DocumentList.sv
elte:447:8 Visible, 
non-interactive elements 
with a click event must be 
accompanied by a keyboard 
event handler. Consider 
whether an interactive 
element such as `<button 
type="button">` or `<a>` 
might be more appropriate
https://svelte.dev/e/a11y_cl
ick_events_have_key_events
445: 
446:     {#if 
showPagesModal}
447:         <div
                  ^
448:             
class="fixed inset-0 z-50 
flex items-center 
justify-center p-4 
bg-black/50 
backdrop-blur-sm"
449:             
on:click={closePagesModal}
12:14:27 AM 
[vite-plugin-svelte] src/pag
es/Documents/DocumentList.sv
elte:447:8 `<div>` with a 
click handler must have an 
ARIA role
https://svelte.dev/e/a11y_no
_static_element_interactions
445: 
446:     {#if 
showPagesModal}
447:         <div
                  ^
448:             
class="fixed inset-0 z-50 
flex items-center 
justify-center p-4 
bg-black/50 
backdrop-blur-sm"
449:             
on:click={closePagesModal}
12:14:27 AM 
[vite-plugin-svelte] src/pag
es/Documents/DocumentList.sv
elte:451:12 Visible, 
non-interactive elements 
with a click event must be 
accompanied by a keyboard 
event handler. Consider 
whether an interactive 
element such as `<button 
type="button">` or `<a>` 
might be more appropriate
https://svelte.dev/e/a11y_cl
ick_events_have_key_events
449:             
on:click={closePagesModal}
450:         >
451:             <div
                      ^
452:                 
class="bg-white 
dark:bg-slate-900 
rounded-xl shadow-2xl 
w-full max-w-4xl 
max-h-[90vh] flex flex-col 
overflow-hidden"
453:                 
on:click|stopPropagation
12:14:27 AM 
[vite-plugin-svelte] src/pag
es/Documents/DocumentList.sv
elte:451:12 `<div>` with a 
click handler must have an 
ARIA role
https://svelte.dev/e/a11y_no
_static_element_interactions
449:             
on:click={closePagesModal}
450:         >
451:             <div
                      ^
452:                 
class="bg-white 
dark:bg-slate-900 
rounded-xl shadow-2xl 
w-full max-w-4xl 
max-h-[90vh] flex flex-col 
overflow-hidden"
453:                 
on:click|stopPropagation
12:14:27 AM 
[vite-plugin-svelte] src/pag
es/Documents/DocumentList.sv
elte:514:8 Visible, 
non-interactive elements 
with a click event must be 
accompanied by a keyboard 
event handler. Consider 
whether an interactive 
element such as `<button 
type="button">` or `<a>` 
might be more appropriate
https://svelte.dev/e/a11y_cl
ick_events_have_key_events
512:     <!-- Detail 
Preview Modal (Lightbox) -->
513:     {#if 
showDetailModal}
514:         <div
                  ^
515:             
class="fixed inset-0 z-[60] 
flex items-center 
justify-center p-4 
bg-black/90 
backdrop-blur-md"
516:             on:click={c
loseDetailPreview}
12:14:27 AM 
[vite-plugin-svelte] src/pag
es/Documents/DocumentList.sv
elte:514:8 `<div>` with a 
click handler must have an 
ARIA role
https://svelte.dev/e/a11y_no
_static_element_interactions
512:     <!-- Detail 
Preview Modal (Lightbox) -->
513:     {#if 
showDetailModal}
514:         <div
                  ^
515:             
class="fixed inset-0 z-[60] 
flex items-center 
justify-center p-4 
bg-black/90 
backdrop-blur-md"
516:             on:click={c
loseDetailPreview}
12:14:27 AM 
[vite-plugin-svelte] src/pag
es/Documents/DocumentList.sv
elte:528:16 Visible, 
non-interactive elements 
with a click event must be 
accompanied by a keyboard 
event handler. Consider 
whether an interactive 
element such as `<button 
type="button">` or `<a>` 
might be more appropriate
https://svelte.dev/e/a11y_cl
ick_events_have_key_events
526:                 
class="w-full h-full flex 
flex-col items-center 
justify-center 
pointer-events-none"
527:             >
528:                 <div
                          ^
529:                     
class="h-[85vh] max-w-full 
bg-white shadow-2xl 
overflow-auto rounded-lg 
pointer-events-auto flex 
items-center justify-center 
p-4"
530:                     
on:click|stopPropagation
12:14:27 AM 
[vite-plugin-svelte] src/pag
es/Documents/DocumentList.sv
elte:528:16 `<div>` with a 
click handler must have an 
ARIA role
https://svelte.dev/e/a11y_no
_static_element_interactions
526:                 
class="w-full h-full flex 
flex-col items-center 
justify-center 
pointer-events-none"
527:             >
528:                 <div
                          ^
529:                     
class="h-[85vh] max-w-full 
bg-white shadow-2xl 
overflow-auto rounded-lg 
pointer-events-auto flex 
items-center justify-center 
p-4"
530:                     
on:click|stopPropagation
12:14:27 AM 
[vite-plugin-svelte] src/pag
es/Documents/DocumentEdit.sv
elte:144:24 A form label 
must be associated with a 
control
https://svelte.dev/e/a11y_la
bel_has_associated_control
142:                     
<!-- Judul -->
143:                     
<div>
144:                        
 <label
                            
        ^
145:                        
     class="block text-sm 
font-bold mb-2 
text-slate-700 
dark:text-slate-300"
146:                        
 >
12:14:27 AM 
[vite-plugin-svelte] src/pag
es/Documents/DocumentEdit.sv
elte:160:28 A form label 
must be associated with a 
control
https://svelte.dev/e/a11y_la
bel_has_associated_control
158:                     
<div class="grid 
md:grid-cols-2 gap-6">
159:                        
 <div>
160:                        
     <label
                            
            ^
161:                        
         class="block 
text-sm font-bold mb-2 
text-slate-700 
dark:text-slate-300"
162:                        
     >
12:14:27 AM 
[vite-plugin-svelte] src/pag
es/Documents/DocumentEdit.sv
elte:174:28 A form label 
must be associated with a 
control
https://svelte.dev/e/a11y_la
bel_has_associated_control
172: 
173:                        
 <div>
174:                        
     <label
                            
            ^
175:                        
         class="block 
text-sm font-bold mb-2 
text-slate-700 
dark:text-slate-300"
176:                        
     >
12:14:27 AM 
[vite-plugin-svelte] src/pag
es/Documents/DocumentEdit.sv
elte:195:24 A form label 
must be associated with a 
control
https://svelte.dev/e/a11y_la
bel_has_associated_control
193:                     
<!-- Status -->
194:                     
<div>
195:                        
 <label
                            
        ^
196:                        
     class="block text-sm 
font-bold mb-2 
text-slate-700 
dark:text-slate-300"
197:                        
 >
12:14:27 AM 
[vite-plugin-svelte] src/pag
es/Documents/DocumentEdit.sv
elte:211:24 A form label 
must be associated with a 
control
https://svelte.dev/e/a11y_la
bel_has_associated_control
209:                     
<!-- Upload File (Optional) 
-->
210:                     
<div>
211:                        
 <label
                            
        ^
212:                        
     class="block text-sm 
font-bold mb-2 
text-slate-700 
dark:text-slate-300"
213:                        
 >
12:14:27 AM 
[vite-plugin-svelte] src/pag
es/Documents/DocumentAdd.sve
lte:104:10 A form label 
must be associated with a 
control
https://svelte.dev/e/a11y_la
bel_has_associated_control
102:         <!-- Judul -->
103:         <div>
104:           <label
                      ^
105:             
class="block text-sm 
font-bold mb-2 
text-slate-700 
dark:text-slate-300"
106:           >
12:14:27 AM 
[vite-plugin-svelte] src/pag
es/Documents/DocumentAdd.sve
lte:120:12 A form label 
must be associated with a 
control
https://svelte.dev/e/a11y_la
bel_has_associated_control
118:         <div 
class="grid md:grid-cols-2 
gap-6">
119:           <div>
120:             <label
                        ^
121:               
class="block text-sm 
font-bold mb-2 
text-slate-700 
dark:text-slate-300"
122:             >
12:14:27 AM 
[vite-plugin-svelte] src/pag
es/Documents/DocumentAdd.sve
lte:134:12 A form label 
must be associated with a 
control
https://svelte.dev/e/a11y_la
bel_has_associated_control
132: 
133:           <div>
134:             <label
                        ^
135:               
class="block text-sm 
font-bold mb-2 
text-slate-700 
dark:text-slate-300"
136:             >
12:14:27 AM 
[vite-plugin-svelte] src/pag
es/Documents/DocumentAdd.sve
lte:155:10 A form label 
must be associated with a 
control
https://svelte.dev/e/a11y_la
bel_has_associated_control
153:         <!-- Status -->
154:         <div>
155:           <label
                      ^
156:             
class="block text-sm 
font-bold mb-2 
text-slate-700 
dark:text-slate-300"
157:           >
12:14:27 AM 
[vite-plugin-svelte] src/pag
es/Documents/DocumentAdd.sve
lte:171:10 A form label 
must be associated with a 
control
https://svelte.dev/e/a11y_la
bel_has_associated_control
169:         <!-- Upload -->
170:         <div>
171:           <label
                      ^
172:             
class="block text-sm 
font-bold mb-2 
text-slate-700 
dark:text-slate-300"
173:           >
12:14:27 AM 
[vite-plugin-svelte] src/pag
es/Users/UserList.svelte:361
:20 A form label must be 
associated with a control
https://svelte.dev/e/a11y_la
bel_has_associated_control
359: 
360:                 <div>
361:                     
<label
                          ^
362:                        
 class="block text-sm 
font-medium text-slate-700 
dark:text-slate-300 mb-2"
363:                        
 >Name</label
12:14:27 AM 
[vite-plugin-svelte] src/pag
es/Users/UserList.svelte:375
:20 A form label must be 
associated with a control
https://svelte.dev/e/a11y_la
bel_has_associated_control
373: 
374:                 <div>
375:                     
<label
                          ^
376:                        
 class="block text-sm 
font-medium text-slate-700 
dark:text-slate-300 mb-2"
377:                        
 >Email</label
12:14:27 AM 
[vite-plugin-svelte] src/pag
es/Users/UserList.svelte:389
:20 A form label must be 
associated with a control
https://svelte.dev/e/a11y_la
bel_has_associated_control
387: 
388:                 <div>
389:                     
<label
                            
    ^
390:                        
 class="block text-sm 
font-medium text-slate-700 
dark:text-slate-300 mb-2"
391:                     >
12:14:27 AM 
[vite-plugin-svelte] src/pag
es/Users/UserList.svelte:407
:20 A form label must be 
associated with a control
https://svelte.dev/e/a11y_la
bel_has_associated_control
405: 
406:                 <div>
407:                     
<label
                          ^
408:                        
 class="block text-sm 
font-medium text-slate-700 
dark:text-slate-300 mb-2"
409:                        
 >Role</label
12:14:27 AM 
[vite-plugin-svelte] src/pag
es/Auth/LoginPage.svelte:234
:4 Unused CSS selector 
".bg-surface-dark"
https://svelte.dev/e/css_unu
sed_selector
232: 
233: <style>
234:     .bg-surface-dark {
                         ^
235:         
background-color: #192633;
236:     }
12:14:27 AM 
[vite-plugin-svelte] src/pag
es/Auth/LoginPage.svelte:237
:4 Unused CSS selector 
".bg-surface-highlight"
https://svelte.dev/e/css_unu
sed_selector
235:         
background-color: #192633;
236:     }
237:     
.bg-surface-highlight {
                            
  ^
238:         
background-color: #233648;
239:     }
12:14:27 AM 
[vite-plugin-svelte] src/lay
outs/PublicLayout.svelte:140
:28 '#' is not a valid href 
attribute
https://svelte.dev/e/a11y_in
valid_attribute
138:                        
 <a
139:                        
     class="w-8 h-8 flex 
items-center justify-center 
rounded-full bg-slate-100 
dark:bg-slate-800 
text-slate-500 
hover:bg-primary 
hover:text-white 
transition-colors"
140:                        
     href="#"
                            
             ^
141:                        
 >
142:                        
     <span class="material-s
ymbols-outlined text-sm"
12:14:27 AM 
[vite-plugin-svelte] src/lay
outs/PublicLayout.svelte:148
:28 '#' is not a valid href 
attribute
https://svelte.dev/e/a11y_in
valid_attribute
146:                        
 <a
147:                        
     class="w-8 h-8 flex 
items-center justify-center 
rounded-full bg-slate-100 
dark:bg-slate-800 
text-slate-500 
hover:bg-primary 
hover:text-white 
transition-colors"
148:                        
     href="#"
                            
             ^
149:                        
 >
150:                        
     <span class="material-s
ymbols-outlined text-sm"
12:14:27 AM 
[vite-plugin-svelte] src/lay
outs/PublicLayout.svelte:172
:32 '#' is not a valid href 
attribute
https://svelte.dev/e/a11y_in
valid_attribute
170:                        
     <a
171:                        
         
class="hover:text-primary 
transition-colors"
172:                        
         href="#">Penulis 
A-Z</a
                            
                 ^
173:                        
     >
174:                        
 </li>
12:14:27 AM 
[vite-plugin-svelte] src/lay
outs/PublicLayout.svelte:178
:32 '#' is not a valid href 
attribute
https://svelte.dev/e/a11y_in
valid_attribute
176:                        
     <a
177:                        
         
class="hover:text-primary 
transition-colors"
178:                        
         href="#">Pencarian 
Lanjutan</a
                            
                 ^
179:                        
     >
180:                        
 </li>
12:14:27 AM 
[vite-plugin-svelte] src/lay
outs/PublicLayout.svelte:184
:32 '#' is not a valid href 
attribute
https://svelte.dev/e/a11y_in
valid_attribute
182:                        
     <a
183:                        
         
class="hover:text-primary 
transition-colors"
184:                        
         href="#">Submit 
Dokumen</a
                            
                 ^
185:                        
     >
186:                        
 </li>
12:14:27 AM 
[vite-plugin-svelte] src/lay
outs/PublicLayout.svelte:199
:32 '#' is not a valid href 
attribute
https://svelte.dev/e/a11y_in
valid_attribute
197:                        
     <a
198:                        
         
class="hover:text-primary 
transition-colors"
199:                        
         href="#">Untuk 
Peneliti</a
                            
                 ^
200:                        
     >
201:                        
 </li>
12:14:27 AM 
[vite-plugin-svelte] src/lay
outs/PublicLayout.svelte:205
:32 '#' is not a valid href 
attribute
https://svelte.dev/e/a11y_in
valid_attribute
203:                        
     <a
204:                        
         
class="hover:text-primary 
transition-colors"
205:                        
         href="#">Untuk 
Pustakawan</a
                            
                 ^
206:                        
     >
207:                        
 </li>
12:14:27 AM 
[vite-plugin-svelte] src/lay
outs/PublicLayout.svelte:211
:32 '#' is not a valid href 
attribute
https://svelte.dev/e/a11y_in
valid_attribute
209:                        
     <a
210:                        
         
class="hover:text-primary 
transition-colors"
211:                        
         href="#">Kebijakan 
Akses Terbuka</a
                            
                 ^
212:                        
     >
213:                        
 </li>
12:14:27 AM 
[vite-plugin-svelte] src/lay
outs/PublicLayout.svelte:217
:32 '#' is not a valid href 
attribute
https://svelte.dev/e/a11y_in
valid_attribute
215:                        
     <a
216:                        
         
class="hover:text-primary 
transition-colors"
217:                        
         href="#">Panduan 
Sitasi</a
                            
                 ^
218:                        
     >
219:                        
 </li>
12:14:27 AM 
[vite-plugin-svelte] src/lay
outs/PublicLayout.svelte:232
:32 '#' is not a valid href 
attribute
https://svelte.dev/e/a11y_in
valid_attribute
230:                        
     <a
231:                        
         
class="hover:text-primary 
transition-colors"
232:                        
         href="#">Pusat 
Bantuan</a
                            
                 ^
233:                        
     >
234:                        
 </li>
12:14:27 AM 
[vite-plugin-svelte] src/lay
outs/PublicLayout.svelte:238
:32 '#' is not a valid href 
attribute
https://svelte.dev/e/a11y_in
valid_attribute
236:                        
     <a
237:                        
         
class="hover:text-primary 
transition-colors"
238:                        
         href="#">Hubungi 
Kami</a
                            
                 ^
239:                        
     >
240:                        
 </li>
12:14:27 AM 
[vite-plugin-svelte] src/lay
outs/PublicLayout.svelte:244
:32 '#' is not a valid href 
attribute
https://svelte.dev/e/a11y_in
valid_attribute
242:                        
     <a
243:                        
         
class="hover:text-primary 
transition-colors"
244:                        
         href="#">Status 
Sistem</a
                            
                 ^
245:                        
     >
246:                        
 </li>
12:14:27 AM 
[vite-plugin-svelte] src/lay
outs/PublicLayout.svelte:250
:32 '#' is not a valid href 
attribute
https://svelte.dev/e/a11y_in
valid_attribute
248:                        
     <a
249:                        
         
class="hover:text-primary 
transition-colors"
250:                        
         href="#">Laporkan 
Masalah</a
                            
                 ^
251:                        
     >
252:                        
 </li>
12:14:27 AM 
[vite-plugin-svelte] src/lay
outs/PublicLayout.svelte:267
:50 '#' is not a valid href 
attribute
https://svelte.dev/e/a11y_in
valid_attribute
265:                     
class="flex gap-6 text-sm 
text-slate-400 
dark:text-slate-600"
266:                 >
267:                     <a 
class="hover:text-primary" 
href="#">Privacy Policy</a>
                            
                            
       ^
268:                     <a 
class="hover:text-primary" 
href="#">Terms of 
Service</a>
269:                     <a 
class="hover:text-primary" 
href="#">Cookie Settings</a>
12:14:27 AM 
[vite-plugin-svelte] src/lay
outs/PublicLayout.svelte:268
:50 '#' is not a valid href 
attribute
https://svelte.dev/e/a11y_in
valid_attribute
266:                 >
267:                     <a 
class="hover:text-primary" 
href="#">Privacy Policy</a>
268:                     <a 
class="hover:text-primary" 
href="#">Terms of 
Service</a>
                            
                            
       ^
269:                     <a 
class="hover:text-primary" 
href="#">Cookie Settings</a>
270:                 </div>
12:14:27 AM 
[vite-plugin-svelte] src/lay
outs/PublicLayout.svelte:269
:50 '#' is not a valid href 
attribute
https://svelte.dev/e/a11y_in
valid_attribute
267:                     <a 
class="hover:text-primary" 
href="#">Privacy Policy</a>
268:                     <a 
class="hover:text-primary" 
href="#">Terms of 
Service</a>
269:                     <a 
class="hover:text-primary" 
href="#">Cookie Settings</a>
                            
                            
       ^
270:                 </div>
271:             </div>
12:14:27 AM 
[vite-plugin-svelte] src/pag
es/Admin/Settings.svelte:225
:32 A form label must be 
associated with a control
https://svelte.dev/e/a11y_la
bel_has_associated_control
223:                        
 <div class="grid 
grid-cols-1 md:grid-cols-2 
gap-6">
224:                        
     <div>
225:                        
         <label
                            
                ^
226:                        
             class="block 
text-sm font-medium 
text-slate-700 
dark:text-slate-300 mb-2"
227:                        
         >
12:14:27 AM 
[vite-plugin-svelte] src/pag
es/Admin/Settings.svelte:238
:32 A form label must be 
associated with a control
https://svelte.dev/e/a11y_la
bel_has_associated_control
236:                        
     </div>
237:                        
     <div>
238:                        
         <label
                            
                ^
239:                        
             class="block 
text-sm font-medium 
text-slate-700 
dark:text-slate-300 mb-2"
240:                        
         >
12:14:27 AM 
[vite-plugin-svelte] src/pag
es/Admin/Settings.svelte:290
:32 A form label must be 
associated with a control
https://svelte.dev/e/a11y_la
bel_has_associated_control
288:                        
 <div class="space-y-4">
289:                        
     <div>
290:                        
         <label
                            
                ^
291:                        
             class="block 
text-sm font-medium 
text-slate-700 
dark:text-slate-300 mb-2"
292:                        
         >
12:14:27 AM 
[vite-plugin-svelte] src/pag
es/Admin/Settings.svelte:303
:32 A form label must be 
associated with a control
https://svelte.dev/e/a11y_la
bel_has_associated_control
301:                        
     </div>
302:                        
     <div>
303:                        
         <label
                            
                ^
304:                        
             class="block 
text-sm font-medium 
text-slate-700 
dark:text-slate-300 mb-2"
305:                        
         >
12:14:27 AM 
[vite-plugin-svelte] src/pag
es/Admin/Settings.svelte:316
:32 A form label must be 
associated with a control
https://svelte.dev/e/a11y_la
bel_has_associated_control
314:                        
     </div>
315:                        
     <div>
316:                        
         <label
                            
                ^
317:                        
             class="block 
text-sm font-medium 
text-slate-700 
dark:text-slate-300 mb-2"
318:                        
         >
12:14:27 AM 
[vite-plugin-svelte] src/pag
es/Admin/Settings.svelte:428
:28 Buttons and links 
should either contain text 
or have an `aria-label`, 
`aria-labelledby` or 
`title` attribute
https://svelte.dev/e/a11y_co
nsider_explicit_label
426:                        
         </div>
427:                        
     </div>
428:                        
     <button
                            
             ^
429:                        
         
on:click={toggleDarkMode}
430:                        
         class="relative 
w-14 h-7 rounded-full 
transition-colors 
{appSettings.darkMode
12:14:27 AM 
[vite-plugin-svelte] src/pag
es/Admin/Settings.svelte:444
:28 A form label must be 
associated with a control
https://svelte.dev/e/a11y_la
bel_has_associated_control
442:                        
 <!-- Language -->
443:                        
 <div>
444:                        
     <label
                            
            ^
445:                        
         class="block 
text-sm font-medium 
text-slate-700 
dark:text-slate-300 mb-2"
446:                        
     >
12:14:27 AM 
[vite-plugin-svelte] src/pag
es/Admin/Settings.svelte:460
:28 A form label must be 
associated with a control
https://svelte.dev/e/a11y_la
bel_has_associated_control
458:                        
 <!-- Timezone -->
459:                        
 <div>
460:                        
     <label
                            
            ^
461:                        
         class="block 
text-sm font-medium 
text-slate-700 
dark:text-slate-300 mb-2"
462:                        
     >
12:14:27 AM 
[vite-plugin-svelte] src/pag
es/Admin/Settings.svelte:511
:28 Buttons and links 
should either contain text 
or have an `aria-label`, 
`aria-labelledby` or 
`title` attribute
https://svelte.dev/e/a11y_co
nsider_explicit_label
509:                        
         </p>
510:                        
     </div>
511:                        
     <button
                            
             ^
512:                        
         on:click={() =>
513:                        
             
(appSettings.notifications =
12:14:27 AM 
[vite-plugin-svelte] src/pag
es/Admin/Settings.svelte:540
:28 Buttons and links 
should either contain text 
or have an `aria-label`, 
`aria-labelledby` or 
`title` attribute
https://svelte.dev/e/a11y_co
nsider_explicit_label
538:                        
         </p>
539:                        
     </div>
540:                        
     <button
                            
             ^
541:                        
         on:click={() =>
542:                        
             (appSettings.em
ailNotifications =
12:14:28 AM 
[vite-plugin-svelte] src/pag
es/Auth/RegisterPage.svelte:
297:4 Unused CSS selector 
".bg-surface-dark"
https://svelte.dev/e/css_unu
sed_selector
295: 
296: <style>
297:     .bg-surface-dark {
                         ^
298:         
background-color: #192633;
299:     }
12:14:28 AM 
[vite-plugin-svelte] src/pag
es/Auth/RegisterPage.svelte:
300:4 Unused CSS selector 
".bg-surface-highlight"
https://svelte.dev/e/css_unu
sed_selector
298:         
background-color: #192633;
299:     }
300:     
.bg-surface-highlight {
                            
  ^
301:         
background-color: #233648;
302:     }
transforming...Γ£ô 148 modules transformed.
[31mΓ£ù[39m Build failed 
in 1.54s
[31merror during build:
[31mBuild failed with 1 
error:

[31m[UNRESOLVED_IMPORT] 
Error:[0m Could not 
resolve 
'../services/authService' 
in src/components/common/Sid
ebar.svelte
   [38;5;246mΓò¡[0m[38;5;
246mΓöÇ[0m[38;5;246m[[0m 
src/components/common/Sideba
r.svelte:6:25 
[38;5;246m][0m
   [38;5;246mΓöé[0m
 [38;5;246m6 Γöé[0m [38;5
;249mi[0m[38;5;249mm[0m[
38;5;249mp[0m[38;5;249mo[
0m[38;5;249mr[0m[38;5;249
mt[0m[38;5;249m [0m[38;5
;249ma[0m[38;5;249mu[0m[
38;5;249mt[0m[38;5;249mh[
0m[38;5;249mS[0m[38;5;249
me[0m[38;5;249mr[0m[38;5
;249mv[0m[38;5;249mi[0m[
38;5;249mc[0m[38;5;249me[
0m[38;5;249m [0m[38;5;249
mf[0m[38;5;249mr[0m[38;5
;249mo[0m[38;5;249mm[0m[
38;5;249m [0m"../services/a
uthService"[38;5;249m;[0m
 [38;5;240m  Γöé[0m       
                  ΓöÇΓöÇΓöÇΓ
öÇΓöÇΓöÇΓöÇΓöÇΓöÇΓöÇΓöÇΓöÇΓö
¼ΓöÇΓöÇΓöÇΓöÇΓöÇΓöÇΓöÇΓöÇΓöÇ
ΓöÇΓöÇΓöÇ  
 [38;5;240m  Γöé[0m       
                            
  Γò░ΓöÇΓöÇΓöÇΓöÇΓöÇΓöÇΓöÇΓö
ÇΓöÇΓöÇΓöÇΓöÇΓöÇΓöÇ Module 
not found.
[38;5;246mΓöÇΓöÇΓöÇΓò»[0m
[31m
    at aggregateBindingError
sIntoJsError (file:///C:/rep
ository-un/frontend/node_mod
ules/rolldown/dist/shared/sr
c-CYkh2Ybc.mjs:2659:18)
    at unwrapBindingResult (
file:///C:/repository-un/fro
ntend/node_modules/rolldown/
dist/shared/src-CYkh2Ybc.mjs
:2634:128)
    at #build (file:///C:/re
pository-un/frontend/node_mo
dules/rolldown/dist/shared/s
rc-CYkh2Ybc.mjs:4433:34)
    at async 
buildEnvironment (file:///C:
/repository-un/frontend/node
_modules/vite/dist/node/chun
ks/node.js:33468:64)
    at async Object.build (f
ile:///C:/repository-un/fron
tend/node_modules/vite/dist/
node/chunks/node.js:33871:19
)
    at async 
Object.buildApp (file:///C:/
repository-un/frontend/node_
modules/vite/dist/node/chunk
s/node.js:33868:153)
    at async 
CAC.<anonymous> (file:///C:/
repository-un/frontend/node_
modules/vite/dist/node/cli.j
s:629:3)[39m
